// Jest Snapshot v1, https://goo.gl/fbAQLP

exports[`App.test.js has the expected html structure 1`] = `
<div
  id="app"
>
  <title-stub
    rgb="rgb(205, 2, 217)"
  />
   
  <navbar-stub />
   
</div>
`;
